// Jest Snapshot v1, https://goo.gl/fbAQLP

exports[`Repositories should render the component 1`] = `
<div>
  <div
    class="Repositories"
  >
    <h1
      class="title"
    >
      Repositories
    </h1>
    <div
      class="Repositories-results"
    >
      <div
        class="columns"
      >
        <div
          class="column is-3"
        >
          <div
            class="card"
          >
            <div
              class="card-content"
            >
              <div
                class="media"
              >
                <div
                  class="media-content"
                >
                  <p
                    class="title is-4"
                  >
                    test-name
                  </p>
                </div>
              </div>
              <div
                class="content"
              >
                test-description
              </div>
            </div>
          </div>
        </div>
        <div
          class="column is-3"
        >
          <div
            class="card"
          >
            <div
              class="card-content"
            >
              <div
                class="media"
              >
                <div
                  class="media-content"
                >
                  <p
                    class="title is-4"
                  >
                    test-name-2
                  </p>
                </div>
              </div>
              <div
                class="content"
              >
                test-description-2
              </div>
            </div>
          </div>
        </div>
      </div>
    </div>
  </div>
</div>
`;
