// Jest Snapshot v1, https://goo.gl/fbAQLP

exports[`RepositoryCard should render the component 1`] = `
<div>
  <div
    class="card"
  >
    <div
      class="card-content"
    >
      <div
        class="media"
      >
        <div
          class="media-content"
        >
          <p
            class="title is-4"
          >
            test
          </p>
        </div>
      </div>
      <div
        class="content"
      >
        test
      </div>
    </div>
  </div>
</div>
`;
